Microchip MPLAB XC8 Compiler V2.36

Linker command line:

-W-3 --edf=C:\Program Files\Microchip\xc8\v2.36\pic\dat\en_msgs.txt -cn \
  -h+dist/default/production\E9_OXIMETRO.X.production.sym \
  --cmf=dist/default/production\E9_OXIMETRO.X.production.cmf -z -Q18F4550 \
  -oC:\Users\abelh\AppData\Local\Temp\xcAsgmk.4 --defsym=__MPLAB_BUILD=1 \
  -Mdist/default/production/E9_OXIMETRO.X.production.map \
  --md=C:\Users\abelh\AppData\Local\Temp\xcAsgmk.dat -E1 -ver=XC8 Compiler \
  --acfsm=1493 -ACODE=00h-07FFFh -ACONST=00h-07FFFh \
  -ASMALLCONST=0800h-08FFhx120 -AMEDIUMCONST=0800h-07FFFh -ACOMRAM=01h-05Fh \
  -AABS1=00h-07FFh -ABIGRAM=01h-07FFh -ARAM=060h-0FFh,0100h-01FFhx7 \
  -ABANK0=060h-0FFh -ABANK1=0100h-01FFh -ABANK2=0200h-02FFh \
  -ABANK3=0300h-03FFh -ABANK4=0400h-04FFh -ABANK5=0500h-05FFh \
  -ABANK6=0600h-06FFh -ABANK7=0700h-07FFh -ASFR=0F60h-0FFFh \
  -ABIGSFR=0F60h-0FFFh -ACONFIG=0300000h-030000Dh -AIDLOC=0200000h-0200007h \
  -AEEDATA=0F00000h-0F000FFh -peeprom_data=EEDATA \
  -preset_vec=00h,intcode=08h,intcodelo=018h,powerup,init -pramtop=0800h \
  -psmallconst=SMALLCONST -pmediumconst=MEDIUMCONST -pconst=CONST \
  -AFARRAM=00h-00h \
  -prdata=COMRAM,nvrram=COMRAM,nvbit=COMRAM,rbss=COMRAM,rbit=COMRAM \
  -pfarbss=FARRAM,fardata=FARRAM,nvFARRAM=FARRAM \
  -pintsave_regs=BIGRAM,bigbss=BIGRAM,bigdata=BIGRAM -pbss=RAM \
  -pidata=CODE,irdata=CODE,ibigdata=CODE,ifardata=CODE -prparam=COMRAM \
  C:\Users\abelh\AppData\Local\Temp\xcAsgmk.o \
  dist/default/production\E9_OXIMETRO.X.production.o 

Object code version is 3.11

Machine type is 18F4550



                Name                               Link     Load   Length Selector   Space Scale
C:\Users\abelh\AppData\Local\Temp\xcAsgmk.o
                idloc                            200000   200000        8        0       5
                config                           300000   300000        E        0       4
                init                                 82       82        4        C       0
                reset_vec                             0        0        4        0       0
dist/default/production\E9_OXIMETRO.X.production.o
                intcodelo                            18       18       6A        C       0
                intcode                               8        8        6        4       0
                idloc                            200000   200000        8        0       5
                config                           300000   300000        E        0       4
                temp                                 5A       5A        1        1       1
                smallconst                          800      800       4C      400       0
                intcode_body                       38AC     38AC       54      426       0
                text47                             3C1C     3C1C       20      426       0
                text46                             39A4     39A4       4C      426       0
                text45                             3D16     3D16        6      426       0
                text44                             3D10     3D10        6      426       0
                text43                             3D04     3D04        C      426       0
                text42                             3BA0     3BA0       2C      426       0
                text41                             3CF2     3CF2       12      426       0
                text40                             3CE0     3CE0       12      426       0
                text39                             3C92     3C92       1C      426       0
                text38                             3C3C     3C3C       1E      426       0
                text37                             35DA     35DA       BA      426       0
                text36                             3C76     3C76       1C      426       0
                text35                             2D98     2D98      112      426       0
                text34                             30B4     30B4      102      426       0
                text33                             3CAE     3CAE       1A      426       0
                text32                             3C5A     3C5A       1C      426       0
                text31                             3CC8     3CC8       18      426       0
                text30                             2A8E     2A8E      1B4      426       0
                text29                             3BF6     3BF6       26      426       0
                text28                             3B32     3B32       38      426       0
                text27                             3952     3952       52      426       0
                text26                             2C42     2C42      156      426       0
                text25                             3454     3454       C4      426       0
                text24                             3694     3694       B0      426       0
                text23                             217C     217C      39A      426       0
                text22                             3744     3744       AA      426       0
                text21                             2FB0     2FB0      104      426       0
                text20                             1D52     1D52      42A      426       0
                text19                             3AFA     3AFA       38      426       0
                text18                             1458     1458      4C0      426       0
                text17                             39F0     39F0       48      426       0
                text16                             2EAA     2EAA      106      426       0
                text15                             31B6     31B6       FE      426       0
                text14                             2878     2878      216      426       0
                text13                             3D1C     3D1C        2      426       0
                text12                             338A     338A       CA      426       0
                text11                             3A7E     3A7E       44      426       0
                text10                             3B6A     3B6A       36      426       0
                text9                              3518     3518       C2      426       0
                text8                              3850     3850       5C      426       0
                text7                              3AC2     3AC2       38      426       0
                text6                              3A38     3A38       46      426       0
                text5                               84C      84C      C0C      426       0
                text4                              32B4     32B4       D6      426       0
                text3                              1918     1918      43A      426       0
                text2                              37EE     37EE       62      426       0
                text1                              3900     3900       52      426       0
                text0                              2516     2516      362      426       0
                cstackCOMRAM                          1        1       57        1       1
                cstackBANK0                          60       60       7B       60       1
                bssBANK1                            100      100       64      100       1
                bssBANK0                             DB       DB       22       60       1
                bssCOMRAM                            58       58        2        1       1
                cinit                              3BCC     3BCC       2A      426       0

TOTAL           Name                               Link     Load   Length     Space
        CLASS   CODE           
                intcodelo                            18       18       6A         0
                intcode                               8        8        6         0
                init                                 82       82        4         0
                reset_vec                             0        0        4         0
                intcode_body                       38AC     38AC       54         0
                text47                             3C1C     3C1C       20         0
                text46                             39A4     39A4       4C         0
                text45                             3D16     3D16        6         0
                text44                             3D10     3D10        6         0
                text43                             3D04     3D04        C         0
                text42                             3BA0     3BA0       2C         0
                text41                             3CF2     3CF2       12         0
                text40                             3CE0     3CE0       12         0
                text39                             3C92     3C92       1C         0
                text38                             3C3C     3C3C       1E         0
                text37                             35DA     35DA       BA         0
                text36                             3C76     3C76       1C         0
                text35                             2D98     2D98      112         0
                text34                             30B4     30B4      102         0
                text33                             3CAE     3CAE       1A         0
                text32                             3C5A     3C5A       1C         0
                text31                             3CC8     3CC8       18         0
                text30                             2A8E     2A8E      1B4         0
                text29                             3BF6     3BF6       26         0
                text28                             3B32     3B32       38         0
                text27                             3952     3952       52         0
                text26                             2C42     2C42      156         0
                text25                             3454     3454       C4         0
                text24                             3694     3694       B0         0
                text23                             217C     217C      39A         0
                text22                             3744     3744       AA         0
                text21                             2FB0     2FB0      104         0
                text20                             1D52     1D52      42A         0
                text19                             3AFA     3AFA       38         0
                text18                             1458     1458      4C0         0
                text17                             39F0     39F0       48         0
                text16                             2EAA     2EAA      106         0
                text15                             31B6     31B6       FE         0
                text14                             2878     2878      216         0
                text13                             3D1C     3D1C        2         0
                text12                             338A     338A       CA         0
                text11                             3A7E     3A7E       44         0
                text10                             3B6A     3B6A       36         0
                text9                              3518     3518       C2         0
                text8                              3850     3850       5C         0
                text7                              3AC2     3AC2       38         0
                text6                              3A38     3A38       46         0
                text5                               84C      84C      C0C         0
                text4                              32B4     32B4       D6         0
                text3                              1918     1918      43A         0
                text2                              37EE     37EE       62         0
                text1                              3900     3900       52         0
                text0                              2516     2516      362         0
                cinit                              3BCC     3BCC       2A         0

        CLASS   CONST          

        CLASS   SMALLCONST     
                smallconst                          800      800       4C         0

        CLASS   MEDIUMCONST    

        CLASS   COMRAM         
                temp                                 5A       5A        1         1
                cstackCOMRAM                          1        1       57         1
                bssCOMRAM                            58       58        2         1

        CLASS   ABS1           

        CLASS   BIGRAM         

        CLASS   RAM            

        CLASS   BANK0          
                cstackBANK0                          60       60       7B         1
                bssBANK0                             DB       DB       22         1

        CLASS   BANK1          
                bssBANK1                            100      100       64         1

        CLASS   BANK2          

        CLASS   BANK3          

        CLASS   BANK4          

        CLASS   BANK5          

        CLASS   BANK6          

        CLASS   BANK7          

        CLASS   SFR            

        CLASS   BIGSFR         

        CLASS   CONFIG         
                config                           300000   300000        E         4

        CLASS   IDLOC          
                idloc                            200000   200000        8         5

        CLASS   EEDATA         

        CLASS   FARRAM         

        CLASS   HEAP           

        CLASS   STACK          



SEGMENTS        Name                           Load    Length   Top    Selector   Space  Class

                reset_vec                      000000  000004  000004         0       0  CODE    
                cstackCOMRAM                   000001  00005A  00005B         1       1  COMRAM  
                intcode                        000008  000006  00000E         4       0  CODE    
                intcodelo                      000018  00006E  000086         C       0  CODE    
                cstackBANK0                    000060  00009D  0000FD        60       1  BANK0   
                bssBANK1                       000100  000064  000164       100       1  BANK1   
                smallconst                     000800  00004C  00084C       400       0  SMALLCON
                text5                          00084C  0034D2  003D1E       426       0  CODE    


UNUSED ADDRESS RANGES

        Name                Unused          Largest block    Delta
        BANK0            0000FD-0000FF                3
        BANK1            000164-0001FF               9C
        BANK2            000200-0002FF              100
        BANK3            000300-0003FF              100
        BANK4            000400-0004FF              100
        BANK5            000500-0005FF              100
        BANK6            000600-0006FF              100
        BANK7            000700-0007FF              100
        BIGRAM           00005B-00005F                5
                         0000FD-0000FF                3
                         000164-0007FF              69C
        BIGSFR           000F60-000FFF               A0
        CODE             000004-000007                4
                         00000E-000017                A
                         000086-0007FF              77A
                         003D1E-007FFF             42E2
        COMRAM           00005B-00005F                5
        CONST            000004-000007                4
                         00000E-000017                A
                         000086-0007FF              77A
                         003D1E-007FFF             42E2
        EEDATA           F00000-F000FF              100
        MEDIUMCONST      003D1E-007FFF             42E2
        RAM              0000FD-0000FF                3
                         000164-0007FF              100
        SFR              000F60-000FFF               A0
        SMALLCONST       003D1E-007FFF              100

                                  Symbol Table

?_ADC_Read                 cstackCOMRAM 000006
?___awdiv                  cstackCOMRAM 000006
?___awmod                  cstackCOMRAM 000006
?___fladd                  cstackCOMRAM 000046
?___fldiv                  cstackCOMRAM 00002D
?___flmul                  cstackCOMRAM 000014
?___flneg                  cstackCOMRAM 000006
?___flsub                  cstackBANK0  000060
?___fltol                  cstackCOMRAM 000006
?___fpclassifyf            cstackCOMRAM 000006
?___wmul                   cstackCOMRAM 000006
?___xxtofl                 cstackCOMRAM 000006
?_atoi                     cstackCOMRAM 00000D
?_efgtoa                   cstackBANK0  00006A
?_floorf                   cstackCOMRAM 000046
?_isdigit                  cstackCOMRAM 000006
?_isspace                  cstackCOMRAM 000006
?_isupper                  cstackCOMRAM 000006
?_pad                      cstackCOMRAM 000016
?_sprintf                  cstackBANK0  0000C0
?_strlen                   cstackCOMRAM 000006
?_strncmp                  cstackCOMRAM 000006
?_tolower                  cstackCOMRAM 00000C
?_vfpfcnvrt                cstackBANK0  0000A8
?_vfprintf                 cstackBANK0  0000BA
ADC_Read@CHx               cstackCOMRAM 00000A
I2C_ADDRESS_SLAVE@address  cstackCOMRAM 000008
I2C_ADDRESS_SLAVE@data     cstackCOMRAM 000009
I2C_ADDRESS_SLAVE@modo     cstackCOMRAM 000006
I2C_Write_Data@data        cstackCOMRAM 000006
LCD_I2C_Databus@cmd        cstackCOMRAM 00000B
LCD_I2C_Databus@ctrl       cstackCOMRAM 00000C
LCD_I2C_Databus@data       cstackCOMRAM 00000D
LCD_I2C_WriteText@col      cstackCOMRAM 000010
LCD_I2C_WriteText@row      cstackCOMRAM 000015
LCD_I2C_WriteText@string   cstackCOMRAM 000011
LCD_I2C_nibble@cmd         cstackCOMRAM 00000E
LCD_I2C_nibble@ctrl        cstackCOMRAM 00000F
PCF8574_Write@byte         cstackCOMRAM 00000A
_ADCON0                    (abs)        000FC2
_ADCON0bits                (abs)        000FC2
_ADCON1bits                (abs)        000FC1
_ADCON2bits                (abs)        000FC0
_ADC_Conversion            text47       003C1C
_ADC_Read                  text46       0039A4
_ADRESH                    (abs)        000FC4
_ADRESL                    (abs)        000FC3
_C1                        bssBANK0     0000ED
_HighISR                   intcode      000008
_I2C_ADDRESS_SLAVE         text42       003BA0
_I2C_Start                 text41       003CF2
_I2C_Stop                  text40       003CE0
_I2C_Write_Data            text39       003C92
_INTCON2bits               (abs)        000FF1
_INTCONbits                (abs)        000FF2
_IPR1bits                  (abs)        000F9F
_Interrupt_TIMER0          text45       003D16
_Interrupt_TIMER1          text44       003D10
_Interrupt_global          text43       003D04
_LATBbits                  (abs)        000F8A
_LATCbits                  (abs)        000F8B
_LCD_I2C_Databus           text37       0035DA
_LCD_I2C_Init              text35       002D98
_LCD_I2C_WriteText         text34       0030B4
_LCD_I2C_nibble            text36       003C76
_LowISR                    intcodelo    000018
_Master_Mode               text33       003CAE
_PCF8574_Write             text38       003C3C
_PIE1bits                  (abs)        000F9D
_PIR1bits                  (abs)        000F9E
_PORTAbits                 (abs)        000F80
_RCONbits                  (abs)        000FD0
_Referencia                bssBANK0     0000F9
_SSPADD                    (abs)        000FC8
_SSPBUF                    (abs)        000FC9
_SSPCON1bits               (abs)        000FC6
_SSPCON2                   (abs)        000FC5
_SSPCON2bits               (abs)        000FC5
_SSPSTATbits               (abs)        000FC7
_Saturacion                bssBANK0     0000E3
_T0CONbits                 (abs)        000FD5
_T1CONbits                 (abs)        000FCD
_TMR0H                     (abs)        000FD7
_TMR0L                     (abs)        000FD6
_TMR1H                     (abs)        000FCF
_TMR1L                     (abs)        000FCE
_TRISAbits                 (abs)        000F92
_TRISBbits                 (abs)        000F93
_TRISCbits                 (abs)        000F94
_Timer0_enable             text32       003C5A
_Timer1_enable             text31       003CC8
__HRAM                     (abs)        000000
__Habs1                    abs1         000000
__Hbank0                   bank0        000000
__Hbank1                   bank1        000000
__Hbank2                   bank2        000000
__Hbank3                   bank3        000000
__Hbank4                   bank4        000000
__Hbank5                   bank5        000000
__Hbank6                   bank6        000000
__Hbank7                   bank7        000000
__Hbigbss                  bigbss       000000
__Hbigdata                 bigdata      000000
__Hbigram                  bigram       000000
__Hbigsfr                  bigsfr       000000
__Hbss                     bss          000000
__HbssBANK0                bssBANK0     000000
__HbssBANK1                bssBANK1     000000
__HbssCOMRAM               bssCOMRAM    000000
__Hcinit                   cinit        000000
__Hclrtext                 clrtext      000000
__Hcomram                  comram       000000
__Hconfig                  config       30000E
__Hconst                   const        000000
__HcstackBANK0             cstackBANK0  000000
__HcstackCOMRAM            cstackCOMRAM 000000
__Hdata                    data         000000
__Heeprom_data             eeprom_data  000000
__Hfarbss                  farbss       000000
__Hfardata                 fardata      000000
__Hheap                    heap         000000
__Hibigdata                ibigdata     000000
__Hidata                   idata        000000
__Hidloc                   idloc        200008
__Hifardata                ifardata     000000
__Hinit                    init         000086
__Hintcode                 intcode      00000E
__Hintcode_body            intcode_body 000000
__Hintcodelo               intcodelo    000082
__Hintentry                intentry     000000
__Hintret                  intret       000000
__Hintsave_regs            intsave_regs 000000
__Hirdata                  irdata       000000
__Hmediumconst             mediumconst  000000
__HnvFARRAM                nvFARRAM     000000
__Hnvbit                   nvbit        000000
__Hnvrram                  nvrram       000000
__Hparam                   rparam       000000
__Hpowerup                 powerup      000082
__Hram                     ram          000000
__Hramtop                  ramtop       000800
__Hrbit                    rbit         000000
__Hrbss                    rbss         000000
__Hrdata                   rdata        000000
__Hreset_vec               reset_vec    000004
__Hrparam                  rparam       000000
__Hsfr                     sfr          000000
__Hsmallconst              smallconst   00084C
__Hspace_0                 (abs)        003D1E
__Hspace_1                 (abs)        000164
__Hspace_2                 (abs)        000000
__Hspace_4                 (abs)        60000E
__Hstack                   stack        000000
__Hstruct                  struct       000000
__Htemp                    temp         00005B
__Htext                    text         000000
__Htext0                   text0        000000
__Htext1                   text1        000000
__Htext10                  text10       000000
__Htext11                  text11       000000
__Htext12                  text12       000000
__Htext13                  text13       000000
__Htext14                  text14       000000
__Htext15                  text15       000000
__Htext16                  text16       000000
__Htext17                  text17       000000
__Htext18                  text18       000000
__Htext19                  text19       000000
__Htext2                   text2        000000
__Htext20                  text20       000000
__Htext21                  text21       000000
__Htext22                  text22       000000
__Htext23                  text23       000000
__Htext24                  text24       000000
__Htext25                  text25       000000
__Htext26                  text26       000000
__Htext27                  text27       000000
__Htext28                  text28       000000
__Htext29                  text29       000000
__Htext3                   text3        000000
__Htext30                  text30       000000
__Htext31                  text31       000000
__Htext32                  text32       000000
__Htext33                  text33       000000
__Htext34                  text34       000000
__Htext35                  text35       000000
__Htext36                  text36       000000
__Htext37                  text37       000000
__Htext38                  text38       000000
__Htext39                  text39       000000
__Htext4                   text4        000000
__Htext40                  text40       000000
__Htext41                  text41       000000
__Htext42                  text42       000000
__Htext43                  text43       000000
__Htext44                  text44       000000
__Htext45                  text45       000000
__Htext46                  text46       000000
__Htext47                  text47       000000
__Htext5                   text5        000000
__Htext6                   text6        000000
__Htext7                   text7        000000
__Htext8                   text8        000000
__Htext9                   text9        000000
__LRAM                     (abs)        000001
__Labs1                    abs1         000000
__Lbank0                   bank0        000000
__Lbank1                   bank1        000000
__Lbank2                   bank2        000000
__Lbank3                   bank3        000000
__Lbank4                   bank4        000000
__Lbank5                   bank5        000000
__Lbank6                   bank6        000000
__Lbank7                   bank7        000000
__Lbigbss                  bigbss       000000
__Lbigdata                 bigdata      000000
__Lbigram                  bigram       000000
__Lbigsfr                  bigsfr       000000
__Lbss                     bss          000000
__LbssBANK0                bssBANK0     000000
__LbssBANK1                bssBANK1     000000
__LbssCOMRAM               bssCOMRAM    000000
__Lcinit                   cinit        000000
__Lclrtext                 clrtext      000000
__Lcomram                  comram       000000
__Lconfig                  config       000000
__Lconst                   const        000000
__LcstackBANK0             cstackBANK0  000000
__LcstackCOMRAM            cstackCOMRAM 000000
__Ldata                    data         000000
__Leeprom_data             eeprom_data  000000
__Lfarbss                  farbss       000000
__Lfardata                 fardata      000000
__Lheap                    heap         000000
__Libigdata                ibigdata     000000
__Lidata                   idata        000000
__Lidloc                   idloc        000000
__Lifardata                ifardata     000000
__Linit                    init         000082
__Lintcode                 intcode      000008
__Lintcode_body            intcode_body 000000
__Lintcodelo               intcodelo    000018
__Lintentry                intentry     000000
__Lintret                  intret       000000
__Lintsave_regs            intsave_regs 000000
__Lirdata                  irdata       000000
__Lmediumconst             mediumconst  000000
__LnvFARRAM                nvFARRAM     000000
__Lnvbit                   nvbit        000000
__Lnvrram                  nvrram       000000
__Lparam                   rparam       000000
__Lpowerup                 powerup      000082
__Lram                     ram          000000
__Lramtop                  ramtop       000800
__Lrbit                    rbit         000000
__Lrbss                    rbss         000000
__Lrdata                   rdata        000000
__Lreset_vec               reset_vec    000000
__Lrparam                  rparam       000000
__Lsfr                     sfr          000000
__Lsmallconst              smallconst   000800
__Lspace_0                 (abs)        000000
__Lspace_1                 (abs)        000000
__Lspace_2                 (abs)        000000
__Lspace_4                 (abs)        000000
__Lstack                   stack        000000
__Lstruct                  struct       000000
__Ltemp                    temp         00005A
__Ltext                    text         000000
__Ltext0                   text0        000000
__Ltext1                   text1        000000
__Ltext10                  text10       000000
__Ltext11                  text11       000000
__Ltext12                  text12       000000
__Ltext13                  text13       000000
__Ltext14                  text14       000000
__Ltext15                  text15       000000
__Ltext16                  text16       000000
__Ltext17                  text17       000000
__Ltext18                  text18       000000
__Ltext19                  text19       000000
__Ltext2                   text2        000000
__Ltext20                  text20       000000
__Ltext21                  text21       000000
__Ltext22                  text22       000000
__Ltext23                  text23       000000
__Ltext24                  text24       000000
__Ltext25                  text25       000000
__Ltext26                  text26       000000
__Ltext27                  text27       000000
__Ltext28                  text28       000000
__Ltext29                  text29       000000
__Ltext3                   text3        000000
__Ltext30                  text30       000000
__Ltext31                  text31       000000
__Ltext32                  text32       000000
__Ltext33                  text33       000000
__Ltext34                  text34       000000
__Ltext35                  text35       000000
__Ltext36                  text36       000000
__Ltext37                  text37       000000
__Ltext38                  text38       000000
__Ltext39                  text39       000000
__Ltext4                   text4        000000
__Ltext40                  text40       000000
__Ltext41                  text41       000000
__Ltext42                  text42       000000
__Ltext43                  text43       000000
__Ltext44                  text44       000000
__Ltext45                  text45       000000
__Ltext46                  text46       000000
__Ltext47                  text47       000000
__Ltext5                   text5        000000
__Ltext6                   text6        000000
__Ltext7                   text7        000000
__Ltext8                   text8        000000
__Ltext9                   text9        000000
__S0                       (abs)        003D1E
__S1                       (abs)        000164
__S4                       (abs)        000000
__S5                       (abs)        000000
___awdiv                   text25       003454
___awdiv@counter           cstackCOMRAM 00000A
___awdiv@dividend          cstackCOMRAM 000006
___awdiv@divisor           cstackCOMRAM 000008
___awdiv@quotient          cstackCOMRAM 00000C
___awdiv@sign              cstackCOMRAM 00000B
___awmod                   text24       003694
___awmod@counter           cstackCOMRAM 00000A
___awmod@dividend          cstackCOMRAM 000006
___awmod@divisor           cstackCOMRAM 000008
___awmod@sign              cstackCOMRAM 00000B
___fladd                   text18       001458
___fladd@a                 cstackCOMRAM 00004A
___fladd@aexp              cstackCOMRAM 000053
___fladd@b                 cstackCOMRAM 000046
___fladd@bexp              cstackCOMRAM 000054
___fladd@grs               cstackCOMRAM 000055
___fladd@signs             cstackCOMRAM 000052
___fldiv                   text23       00217C
___fldiv@a                 cstackCOMRAM 000031
___fldiv@aexp              cstackCOMRAM 000045
___fldiv@b                 cstackCOMRAM 00002D
___fldiv@bexp              cstackCOMRAM 000044
___fldiv@grs               cstackCOMRAM 000040
___fldiv@new_exp           cstackCOMRAM 00003E
___fldiv@rem               cstackCOMRAM 000039
___fldiv@sign              cstackCOMRAM 00003D
___fleq                    text22       003744
___fleq@ff1                cstackCOMRAM 000006
___fleq@ff2                cstackCOMRAM 00000A
___flge                    text21       002FB0
___flge@ff1                cstackCOMRAM 00002D
___flge@ff2                cstackCOMRAM 000031
___flmul                   text20       001D52
___flmul@a                 cstackCOMRAM 000018
___flmul@aexp              cstackCOMRAM 000021
___flmul@b                 cstackCOMRAM 000014
___flmul@bexp              cstackCOMRAM 000026
___flmul@grs               cstackCOMRAM 000022
___flmul@prod              cstackCOMRAM 000027
___flmul@sign              cstackCOMRAM 000020
___flmul@temp              cstackCOMRAM 00002B
___flneg                   text19       003AFA
___flneg@f1                cstackCOMRAM 000006
___flsub                   text17       0039F0
___flsub@a                 cstackBANK0  000064
___flsub@b                 cstackBANK0  000060
___fltol                   text16       002EAA
___fltol@exp1              cstackCOMRAM 00000F
___fltol@f1                cstackCOMRAM 000006
___fltol@sign1             cstackCOMRAM 00000E
___fpclassifyf             text15       0031B6
___fpclassifyf@F465        bssBANK0     0000DF
___fpclassifyf@e           cstackCOMRAM 00000E
___fpclassifyf@u           cstackCOMRAM 000010
___fpclassifyf@x           cstackCOMRAM 000006
___heap_hi                 (abs)        000000
___heap_lo                 (abs)        000000
___inthi_sp                stack        000000
___intlo_sp                stack        000000
___param_bank              (abs)        000000
___rparam_used             (abs)        000001
___sp                      stack        000000
___wmul                    text29       003BF6
___wmul@multiplicand       cstackCOMRAM 000008
___wmul@multiplier         cstackCOMRAM 000006
___wmul@product            cstackCOMRAM 00000A
___xxtofl                  text30       002A8E
___xxtofl@arg              cstackCOMRAM 000010
___xxtofl@exp              cstackCOMRAM 00000F
___xxtofl@sign             cstackCOMRAM 00000E
___xxtofl@val              cstackCOMRAM 000006
__accesstop                (abs)        000060
__activetblptr             (abs)        000002
__end_of_ADC_Conversion    text47       003C3C
__end_of_ADC_Read          text46       0039F0
__end_of_HighISR           intcode_body 003900
__end_of_I2C_ADDRESS_SLAVE text42       003BCC
__end_of_I2C_Start         text41       003D04
__end_of_I2C_Stop          text40       003CF2
__end_of_I2C_Write_Data    text39       003CAE
__end_of_Interrupt_TIMER0  text45       003D1C
__end_of_Interrupt_TIMER1  text44       003D16
__end_of_Interrupt_global  text43       003D10
__end_of_LCD_I2C_Databus   text37       003694
__end_of_LCD_I2C_Init      text35       002EAA
__end_of_LCD_I2C_WriteText text34       0031B6
__end_of_LCD_I2C_nibble    text36       003C92
__end_of_LowISR            intcodelo    000082
__end_of_Master_Mode       text33       003CC8
__end_of_PCF8574_Write     text38       003C5A
__end_of_Timer0_enable     text32       003C76
__end_of_Timer1_enable     text31       003CE0
__end_of___awdiv           text25       003518
__end_of___awmod           text24       003744
__end_of___fladd           text18       001918
__end_of___fldiv           text23       002516
__end_of___fleq            text22       0037EE
__end_of___flge            text21       0030B4
__end_of___flmul           text20       00217C
__end_of___flneg           text19       003B32
__end_of___flsub           text17       003A38
__end_of___fltol           text16       002FB0
__end_of___fpclassifyf     text15       0032B4
__end_of___wmul            text29       003C1C
__end_of___xxtofl          text30       002C42
__end_of__initialization   cinit        003BE8
__end_of_atoi              text26       002D98
__end_of_efgtoa            text5        001458
__end_of_floorf            text14       002A8E
__end_of_fputc             text12       003454
__end_of_fputs             text11       003AC2
__end_of_isdigit           text28       003B6A
__end_of_isspace           text27       0039A4
__end_of_isupper           text7        003AFA
__end_of_main              text0        002878
__end_of_pad               text9        0035DA
__end_of_putch             text13       003D1E
__end_of_sprintf           text1        003952
__end_of_strcpy            text8        0038AC
__end_of_strlen            text10       003BA0
__end_of_strncmp           text4        00338A
__end_of_tolower           text6        003A7E
__end_of_vfpfcnvrt         text3        001D52
__end_of_vfprintf          text2        003850
__initialization           cinit        003BCC
__mediumconst              mediumconst  000000
__pbssBANK0                bssBANK0     0000DB
__pbssBANK1                bssBANK1     000100
__pbssCOMRAM               bssCOMRAM    000058
__pcinit                   cinit        003BCC
__pcstackBANK0             cstackBANK0  000060
__pcstackCOMRAM            cstackCOMRAM 000001
__pintcode                 intcode      000008
__pintcode_body            intcode_body 0038AC
__pintcodelo               intcodelo    000018
__psmallconst              smallconst   000800
__ptext0                   text0        002516
__ptext1                   text1        003900
__ptext10                  text10       003B6A
__ptext11                  text11       003A7E
__ptext12                  text12       00338A
__ptext13                  text13       003D1C
__ptext14                  text14       002878
__ptext15                  text15       0031B6
__ptext16                  text16       002EAA
__ptext17                  text17       0039F0
__ptext18                  text18       001458
__ptext19                  text19       003AFA
__ptext2                   text2        0037EE
__ptext20                  text20       001D52
__ptext21                  text21       002FB0
__ptext22                  text22       003744
__ptext23                  text23       00217C
__ptext24                  text24       003694
__ptext25                  text25       003454
__ptext26                  text26       002C42
__ptext27                  text27       003952
__ptext28                  text28       003B32
__ptext29                  text29       003BF6
__ptext3                   text3        001918
__ptext30                  text30       002A8E
__ptext31                  text31       003CC8
__ptext32                  text32       003C5A
__ptext33                  text33       003CAE
__ptext34                  text34       0030B4
__ptext35                  text35       002D98
__ptext36                  text36       003C76
__ptext37                  text37       0035DA
__ptext38                  text38       003C3C
__ptext39                  text39       003C92
__ptext4                   text4        0032B4
__ptext40                  text40       003CE0
__ptext41                  text41       003CF2
__ptext42                  text42       003BA0
__ptext43                  text43       003D04
__ptext44                  text44       003D10
__ptext45                  text45       003D16
__ptext46                  text46       0039A4
__ptext47                  text47       003C1C
__ptext5                   text5        00084C
__ptext6                   text6        003A38
__ptext7                   text7        003AC2
__ptext8                   text8        003850
__ptext9                   text9        003518
__ramtop                   ramtop       000800
__smallconst               smallconst   000800
_atoi                      text26       002C42
_bufferTx                  bssBANK1     000150
_cont                      bssBANK0     0000F3
_cont1                     bssBANK0     0000F1
_dbuf                      bssBANK1     000100
_efgtoa                    text5        00084C
_efgtoa$1891               cstackBANK0  000076
_efgtoa$1899               cstackBANK0  000078
_efgtoa$1900               cstackBANK0  00007A
_flags                     bssCOMRAM    000058
_floorf                    text14       002878
_fputc                     text12       00338A
_fputs                     text11       003A7E
_isdigit                   text28       003B32
_isspace                   text27       003952
_isspace$1978              cstackCOMRAM 00000C
_isupper                   text7        003AC2
_main                      text0        002516
_nout                      bssBANK0     0000E7
_pad                       text9        003518
_prec                      bssBANK0     0000EB
_putch                     text13       003D1C
_s1_Actual                 bssBANK0     0000F7
_s1_Anterior               bssBANK0     0000F8
_s2_Actual                 bssBANK0     0000F5
_s2_Anterior               bssBANK0     0000F6
_sensor                    bssBANK0     0000EF
_sprintf                   text1        003900
_strcpy                    text8        003850
_strlen                    text10       003B6A
_strncmp                   text4        0032B4
_tolower                   text6        003A38
_vfpfcnvrt                 text3        001918
_vfprintf                  text2        0037EE
_width                     bssBANK0     0000E9
atoi@n                     cstackCOMRAM 000015
atoi@neg                   cstackCOMRAM 000013
atoi@s                     cstackCOMRAM 00000D
btemp                      temp         00005A
efgtoa@c                   cstackBANK0  000070
efgtoa@d                   cstackBANK0  000088
efgtoa@e                   cstackBANK0  0000A0
efgtoa@f                   cstackBANK0  00006C
efgtoa@fp                  cstackBANK0  00006A
efgtoa@g                   cstackBANK0  00009C
efgtoa@h                   cstackBANK0  000092
efgtoa@i                   cstackBANK0  00009A
efgtoa@l                   cstackBANK0  000096
efgtoa@m                   cstackBANK0  000082
efgtoa@mode                cstackBANK0  000091
efgtoa@n                   cstackBANK0  0000A2
efgtoa@ne                  cstackBANK0  000080
efgtoa@nmode               cstackBANK0  000090
efgtoa@ou                  cstackBANK0  000084
efgtoa@p                   cstackBANK0  00008C
efgtoa@pp                  cstackBANK0  00007E
efgtoa@sign                cstackBANK0  00008A
efgtoa@t                   cstackBANK0  00007C
efgtoa@u                   cstackBANK0  0000A4
efgtoa@w                   cstackBANK0  00008E
end_of_initialization      cinit        003BE8
floorf@F526                bssBANK0     0000DB
floorf@e                   cstackBANK0  000064
floorf@m                   cstackBANK0  000060
floorf@u                   cstackBANK0  000066
floorf@x                   cstackCOMRAM 000046
fputc@c                    cstackCOMRAM 000006
fputc@fp                   cstackCOMRAM 000008
fputs@c                    cstackCOMRAM 000013
fputs@fp                   cstackCOMRAM 000011
fputs@i                    cstackCOMRAM 000014
fputs@s                    cstackCOMRAM 00000F
int$flags                  temp         00005A
int_func                   intcode_body 0038AC
intlevel0                  text         000000
intlevel1                  text         000000
intlevel2                  text         000000
intlevel3                  text         000000
isa$std                    (abs)        000001
isa$xinst                  (abs)        000000
isdigit@c                  cstackCOMRAM 000006
isspace@c                  cstackCOMRAM 000006
isupper@c                  cstackCOMRAM 000006
pad@buf                    cstackCOMRAM 000018
pad@fp                     cstackCOMRAM 000016
pad@i                      cstackCOMRAM 00001D
pad@p                      cstackCOMRAM 00001A
pad@w                      cstackCOMRAM 00001F
sprintf@ap                 cstackBANK0  0000C8
sprintf@f                  cstackBANK0  0000CA
sprintf@fmt                cstackBANK0  0000C2
sprintf@s                  cstackBANK0  0000C0
stackhi                    (abs)        000000
stacklo                    (abs)        000000
start                      init         000082
start_initialization       cinit        003BCC
strcpy@d                   cstackCOMRAM 00000E
strcpy@dest                cstackCOMRAM 000006
strcpy@s                   cstackCOMRAM 00000C
strcpy@src                 cstackCOMRAM 000008
strlen@a                   cstackCOMRAM 000008
strlen@s                   cstackCOMRAM 000006
strncmp@_l                 cstackCOMRAM 000006
strncmp@_r                 cstackCOMRAM 000008
strncmp@l                  cstackCOMRAM 00000D
strncmp@n                  cstackCOMRAM 00000A
strncmp@r                  cstackCOMRAM 00000F
tolower@c                  cstackCOMRAM 00000C
ttemp5                     temp         00005B
ttemp6                     temp         00005E
ttemp7                     temp         000062
vfpfcnvrt@ap               cstackBANK0  0000AC
vfpfcnvrt@c                cstackBANK0  0000B9
vfpfcnvrt@ct               cstackBANK0  0000B6
vfpfcnvrt@f                cstackBANK0  0000B2
vfpfcnvrt@fmt              cstackBANK0  0000AA
vfpfcnvrt@fp               cstackBANK0  0000A8
vfprintf@ap                cstackBANK0  0000BE
vfprintf@cfmt              cstackCOMRAM 000056
vfprintf@fmt               cstackBANK0  0000BC
vfprintf@fp                cstackBANK0  0000BA
wtemp8                     temp         00005B


MODULE INFORMATION

Module		Function		Class		Link	Load	Size
C:\Program Files\Microchip\xc8\v2.36\pic\sources\c99\common\putch.c
		_putch         		CODE           	3D1C	0000	2

C:\Program Files\Microchip\xc8\v2.36\pic\sources\c99\common\putch.c estimated size: 2

C:\Program Files\Microchip\xc8\v2.36\pic\sources\c99\common\nf_fputs.c
		_fputs         		CODE           	3A7E	0000	68

C:\Program Files\Microchip\xc8\v2.36\pic\sources\c99\common\nf_fputs.c estimated size: 68

TIMER1.c
		_Timer1_enable 		CODE           	3CC8	0000	24
		_Interrupt_TIMER1		CODE           	3D10	0000	6
		_HighISR       		CODE           	0008	0000	90

TIMER1.c estimated size: 120

C:\Program Files\Microchip\xc8\v2.36\pic\sources\c99\common\strncmp.c
		_strncmp       		CODE           	32B4	0000	214

C:\Program Files\Microchip\xc8\v2.36\pic\sources\c99\common\strncmp.c estimated size: 214

C:\Program Files\Microchip\xc8\v2.36\pic\sources\c99\common\tolower.c
		_tolower       		CODE           	3A38	0000	70

C:\Program Files\Microchip\xc8\v2.36\pic\sources\c99\common\tolower.c estimated size: 70

C:\Program Files\Microchip\xc8\v2.36\pic\sources\c99\common\__fpclassifyf.c
		___fpclassifyf 		CODE           	31B6	0000	254

C:\Program Files\Microchip\xc8\v2.36\pic\sources\c99\common\__fpclassifyf.c estimated size: 254

C:\Program Files\Microchip\xc8\v2.36\pic\sources\c99\common\sprcmul.c
		___flmul       		CODE           	1D52	0000	1066

C:\Program Files\Microchip\xc8\v2.36\pic\sources\c99\common\sprcmul.c estimated size: 1066

C:\Program Files\Microchip\xc8\v2.36\pic\sources\c99\common\floorf.c
		_floorf        		CODE           	2878	0000	534

C:\Program Files\Microchip\xc8\v2.36\pic\sources\c99\common\floorf.c estimated size: 534

C:\Program Files\Microchip\xc8\v2.36\pic\sources\c99\common\sprcdiv.c
		___fldiv       		CODE           	217C	0000	922

C:\Program Files\Microchip\xc8\v2.36\pic\sources\c99\common\sprcdiv.c estimated size: 922

C:\Program Files\Microchip\xc8\v2.36\pic\sources\c99\common\atoi.c
		_atoi          		CODE           	2C42	0000	342

C:\Program Files\Microchip\xc8\v2.36\pic\sources\c99\common\atoi.c estimated size: 342

C:\Program Files\Microchip\xc8\v2.36\pic\sources\c99\common\fleq.c
		___fleq        		CODE           	3744	0000	170

C:\Program Files\Microchip\xc8\v2.36\pic\sources\c99\common\fleq.c estimated size: 170

C:\Program Files\Microchip\xc8\v2.36\pic\sources\c99\common\awmod.c
		___awmod       		CODE           	3694	0000	176

C:\Program Files\Microchip\xc8\v2.36\pic\sources\c99\common\awmod.c estimated size: 176

C:\Program Files\Microchip\xc8\v2.36\pic\sources\c99\common\nf_sprintf.c
		_sprintf       		CODE           	3900	0000	82

C:\Program Files\Microchip\xc8\v2.36\pic\sources\c99\common\nf_sprintf.c estimated size: 82

C:\Program Files\Microchip\xc8\v2.36\pic\sources\c99\common\isspace.c
		_isspace       		CODE           	3952	0000	82

C:\Program Files\Microchip\xc8\v2.36\pic\sources\c99\common\isspace.c estimated size: 82

I2C.c
		_I2C_Stop      		CODE           	3CE0	0000	18
		_I2C_Write_Data		CODE           	3C92	0000	28
		_Master_Mode   		CODE           	3CAE	0000	26
		_I2C_Start     		CODE           	3CF2	0000	18
		_I2C_ADDRESS_SLAVE		CODE           	3BA0	0000	44

I2C.c estimated size: 134

C:\Program Files\Microchip\xc8\v2.36\pic\sources\c99\common\xxtofl.c
		___xxtofl      		CODE           	2A8E	0000	436

C:\Program Files\Microchip\xc8\v2.36\pic\sources\c99\common\xxtofl.c estimated size: 436

C:\Program Files\Microchip\xc8\v2.36\pic\sources\c99\common\strlen.c
		_strlen        		CODE           	3B6A	0000	54

C:\Program Files\Microchip\xc8\v2.36\pic\sources\c99\common\strlen.c estimated size: 54

C:\Program Files\Microchip\xc8\v2.36\pic\sources\c99\common\strcpy.c
		_strcpy        		CODE           	3850	0000	92

C:\Program Files\Microchip\xc8\v2.36\pic\sources\c99\common\strcpy.c estimated size: 92

C:\Program Files\Microchip\xc8\v2.36\pic\sources\c99\common\nf_fputc.c
		_fputc         		CODE           	338A	0000	202

C:\Program Files\Microchip\xc8\v2.36\pic\sources\c99\common\nf_fputc.c estimated size: 202

C:\Program Files\Microchip\xc8\v2.36\pic\sources\c99\common\isdigit.c
		_isdigit       		CODE           	3B32	0000	56

C:\Program Files\Microchip\xc8\v2.36\pic\sources\c99\common\isdigit.c estimated size: 56

C:\Program Files\Microchip\xc8\v2.36\pic\sources\c99\common\sprcadd.c
		___flsub       		CODE           	39F0	0000	72
		___fladd       		CODE           	1458	0000	1216

C:\Program Files\Microchip\xc8\v2.36\pic\sources\c99\common\sprcadd.c estimated size: 1288

C:\Program Files\Microchip\xc8\v2.36\pic\sources\c99\common\awdiv.c
		___awdiv       		CODE           	3454	0000	196

C:\Program Files\Microchip\xc8\v2.36\pic\sources\c99\common\awdiv.c estimated size: 196

C:\Program Files\Microchip\xc8\v2.36\pic\sources\c99\common\doprnt.c
		_vfpfcnvrt     		CODE           	1918	0000	1082
		_efgtoa        		CODE           	084C	0000	3084
		_pad           		CODE           	3518	0000	194
		_vfprintf      		CODE           	37EE	0000	98

C:\Program Files\Microchip\xc8\v2.36\pic\sources\c99\common\doprnt.c estimated size: 4458

C:\Program Files\Microchip\xc8\v2.36\pic\sources\c99\common\fltol.c
		___fltol       		CODE           	2EAA	0000	262

C:\Program Files\Microchip\xc8\v2.36\pic\sources\c99\common\fltol.c estimated size: 262

shared
		__initialization		CODE           	3BCC	0000	28

shared estimated size: 28

TIMER0.c
		_LowISR        		CODE           	0018	0000	106
		_Timer0_enable 		CODE           	3C5A	0000	28
		_Interrupt_global		CODE           	3D04	0000	12
		_Interrupt_TIMER0		CODE           	3D16	0000	6

TIMER0.c estimated size: 152

ADC.c
		_ADC_Read      		CODE           	39A4	0000	76
		_ADC_Conversion		CODE           	3C1C	0000	32

ADC.c estimated size: 108

C:\Program Files\Microchip\xc8\v2.36\pic\sources\c99\common\flge.c
		___flge        		CODE           	2FB0	0000	260

C:\Program Files\Microchip\xc8\v2.36\pic\sources\c99\common\flge.c estimated size: 260

Main_Oximetro.c
		_main          		CODE           	2516	0000	866

Main_Oximetro.c estimated size: 866

LCD_I2C.c
		_PCF8574_Write 		CODE           	3C3C	0000	30
		_LCD_I2C_Init  		CODE           	2D98	0000	274
		_LCD_I2C_nibble		CODE           	3C76	0000	28
		_LCD_I2C_WriteText		CODE           	30B4	0000	258
		_LCD_I2C_Databus		CODE           	35DA	0000	186

LCD_I2C.c estimated size: 776

C:\Program Files\Microchip\xc8\v2.36\pic\sources\c99\common\Umul16.c
		___wmul        		CODE           	3BF6	0000	38

C:\Program Files\Microchip\xc8\v2.36\pic\sources\c99\common\Umul16.c estimated size: 38

C:\Program Files\Microchip\xc8\v2.36\pic\sources\c99\common\flneg.c
		___flneg       		CODE           	3AFA	0000	56

C:\Program Files\Microchip\xc8\v2.36\pic\sources\c99\common\flneg.c estimated size: 56

C:\Program Files\Microchip\xc8\v2.36\pic\sources\c99\common\isupper.c
		_isupper       		CODE           	3AC2	0000	56

C:\Program Files\Microchip\xc8\v2.36\pic\sources\c99\common\isupper.c estimated size: 56

